// Jest Snapshot v1, https://goo.gl/fbAQLP

exports[`Client Component should match snapshot 1`] = `
<DocumentFragment>
  <section
    class="client_section"
  >
    <div
      class="container"
    >
      <div
        class="heading_container heading_center"
      >
        <h2>
          What Our Clients Say
        </h2>
      </div>
      <div
        class="carousel-wrap layout_padding2-top"
      >
        <div
          data-testid="owl-carousel"
        >
          <div
            class="item"
          >
            <div
              class="box"
            >
              <div
                class="client_id"
              >
                <div
                  class="img-box"
                >
                  <img
                    alt="Jorch morik"
                    src="mock-image-path"
                  />
                </div>
                <div
                  class="client_detail"
                >
                  <div
                    class="client_info"
                  >
                    <h6>
                      Jorch morik
                    </h6>
                    <div
                      class="rating"
                    >
                      <div
                        data-testid="star-icon"
                      />
                      <div
                        data-testid="star-icon"
                      />
                      <div
                        data-testid="star-icon"
                      />
                      <div
                        data-testid="star-icon"
                      />
                      <div
                        data-testid="star-icon"
                      />
                    </div>
                  </div>
                  <div
                    data-testid="quote-icon"
                  />
                </div>
              </div>
              <div
                class="client_text"
              >
                <p>
                  chunks as necessary, making this the first true generator on the Internet. It uses a dictionary of over 200 Latin words, combined with a handful of model sentence structures, to generate Lorem Ipsum
                </p>
              </div>
            </div>
          </div>
          <div
            class="item"
          >
            <div
              class="box"
            >
              <div
                class="client_id"
              >
                <div
                  class="img-box"
                >
                  <img
                    alt="Jorch morik"
                    src="mock-image-path"
                  />
                </div>
                <div
                  class="client_detail"
                >
                  <div
                    class="client_info"
                  >
                    <h6>
                      Jorch morik
                    </h6>
                    <div
                      class="rating"
                    >
                      <div
                        data-testid="star-icon"
                      />
                      <div
                        data-testid="star-icon"
                      />
                      <div
                        data-testid="star-icon"
                      />
                      <div
                        data-testid="star-icon"
                      />
                      <div
                        data-testid="star-icon"
                      />
                    </div>
                  </div>
                  <div
                    data-testid="quote-icon"
                  />
                </div>
              </div>
              <div
                class="client_text"
              >
                <p>
                  chunks as necessary, making this the first true generator on the Internet. It uses a dictionary of over 200 Latin words, combined with a handful of model sentence structures, to generate Lorem Ipsum
                </p>
              </div>
            </div>
          </div>
          <div
            class="item"
          >
            <div
              class="box"
            >
              <div
                class="client_id"
              >
                <div
                  class="img-box"
                >
                  <img
                    alt="Jorch morik"
                    src="mock-image-path"
                  />
                </div>
                <div
                  class="client_detail"
                >
                  <div
                    class="client_info"
                  >
                    <h6>
                      Jorch morik
                    </h6>
                    <div
                      class="rating"
                    >
                      <div
                        data-testid="star-icon"
                      />
                      <div
                        data-testid="star-icon"
                      />
                      <div
                        data-testid="star-icon"
                      />
                      <div
                        data-testid="star-icon"
                      />
                      <div
                        data-testid="star-icon"
                      />
                    </div>
                  </div>
                  <div
                    data-testid="quote-icon"
                  />
                </div>
              </div>
              <div
                class="client_text"
              >
                <p>
                  chunks as necessary, making this the first true generator on the Internet. It uses a dictionary of over 200 Latin words, combined with a handful of model sentence structures, to generate Lorem Ipsum
                </p>
              </div>
            </div>
          </div>
          <div
            class="item"
          >
            <div
              class="box"
            >
              <div
                class="client_id"
              >
                <div
                  class="img-box"
                >
                  <img
                    alt="Jorch morik"
                    src="mock-image-path"
                  />
                </div>
                <div
                  class="client_detail"
                >
                  <div
                    class="client_info"
                  >
                    <h6>
                      Jorch morik
                    </h6>
                    <div
                      class="rating"
                    >
                      <div
                        data-testid="star-icon"
                      />
                      <div
                        data-testid="star-icon"
                      />
                      <div
                        data-testid="star-icon"
                      />
                      <div
                        data-testid="star-icon"
                      />
                      <div
                        data-testid="star-icon"
                      />
                    </div>
                  </div>
                  <div
                    data-testid="quote-icon"
                  />
                </div>
              </div>
              <div
                class="client_text"
              >
                <p>
                  chunks as necessary, making this the first true generator on the Internet. It uses a dictionary of over 200 Latin words, combined with a handful of model sentence structures, to generate Lorem Ipsum
                </p>
              </div>
            </div>
          </div>
        </div>
      </div>
    </div>
  </section>
</DocumentFragment>
`;
