// Jest Snapshot v1, https://goo.gl/fbAQLP

exports[`ServiceComponent should match the snapshot 1`] = `
<DocumentFragment>
  <section
    class="service_section layout_padding"
  >
    <div
      class="container"
    >
      <div
        class="heading_container heading_center"
      >
        <h2>
          Our Services
        </h2>
      </div>
      <div
        class="row"
      >
        <div
          class="col-sm-6 col-md-4 mx-auto px-3"
        >
          <div
            class="box"
          >
            <div
              class="img-box"
            >
              <img
                alt="Maintenance"
                src="mock-s1-image"
              />
            </div>
            <div
              class="detail-box"
            >
              <h5>
                Maintenance
              </h5>
              <p>
                when looking at its layout. The point of using Lorem Ipsum is that it has a more-or-less normal
              </p>
            </div>
          </div>
        </div>
        <div
          class="col-sm-6 col-md-4 mx-auto px-3"
        >
          <div
            class="box"
          >
            <div
              class="img-box"
            >
              <img
                alt="Electrical"
                src="mock-s2-image"
              />
            </div>
            <div
              class="detail-box"
            >
              <h5>
                Electrical
              </h5>
              <p>
                when looking at its layout. The point of using Lorem Ipsum is that it has a more-or-less normal
              </p>
            </div>
          </div>
        </div>
        <div
          class="col-sm-6 col-md-4 mx-auto px-3"
        >
          <div
            class="box"
          >
            <div
              class="img-box"
            >
              <img
                alt="Plumbing"
                src="mock-s3-image"
              />
            </div>
            <div
              class="detail-box"
            >
              <h5>
                Plumbing
              </h5>
              <p>
                when looking at its layout. The point of using Lorem Ipsum is that it has a more-or-less normal
              </p>
            </div>
          </div>
        </div>
      </div>
      <div
        class="btn-box"
      >
        <a
          href="/"
        >
           View More 
        </a>
      </div>
    </div>
  </section>
</DocumentFragment>
`;
