// Jest Snapshot v1, https://goo.gl/fbAQLP

exports[`Slider Component should match snapshot 1`] = `
<DocumentFragment>
  <section
    class="slider_section"
  >
    <div
      class="container"
    >
      <div
        class="row"
      >
        <div
          class="col-md-6"
        >
          <div
            class="detail-box"
          >
            <h1>
              Repair and 
              <br />
              Maintenance 
              <br />
              Services
            </h1>
            <p>
              Lorem ipsum dolor sit amet consectetur adipisicing elit. Qui harum voluptatem adipisci. Quos molestiae saepe dicta nobis pariatur, tempora iusto, ad possimus soluta hic praesentium mollitia consequatur beatae, aspernatur culpa.
            </p>
            <a
              href="/en/contact"
            >
               Contact Us 
            </a>
          </div>
        </div>
        <div
          class="col-md-6"
        >
          <div
            class="img-box"
          >
            <img
              alt="slider img"
              src="mock-slider-img"
            />
          </div>
        </div>
      </div>
    </div>
  </section>
</DocumentFragment>
`;
