// Jest Snapshot v1, https://goo.gl/fbAQLP

exports[`Footer Component should match snapshot 1`] = `
<DocumentFragment>
  <footer
    class="footer_section"
  >
    <div
      class="container"
    >
      <p>
        Â© 
        <span>
          2025
        </span>
         
        <a
          href="https://html.design/"
        >
          All Rights Reserved By Free Html Templates
        </a>
      </p>
    </div>
  </footer>
</DocumentFragment>
`;
