// Jest Snapshot v1, https://goo.gl/fbAQLP

exports[`Header Component should match snapshot 1`] = `
<DocumentFragment>
  <header
    class="header_section"
  >
    <div
      class="header_top"
    >
      <div
        class="container-fluid"
      >
        <div
          class="contact_nav"
        >
          <a
            aria-current="page"
            class="active"
            href="/"
          >
            <div
              data-testid="phone-icon"
            />
            <span
              class="contact_nav-text"
            >
              Call : +01 123455678990
            </span>
          </a>
          <a
            aria-current="page"
            class="active"
            href="/"
          >
            <div
              data-testid="email-icon"
            />
            <span
              class="contact_nav-text"
            >
              Email : demo@gmail.com
            </span>
          </a>
        </div>
      </div>
    </div>
    <div
      class="header_bottom"
    >
      <div
        class="container-fluid"
      >
        <nav
          class="navbar navbar-expand-lg custom_nav-container"
        >
          <a
            aria-current="page"
            class="navbar-brand active"
            href="/"
          >
            <span>
              Inance
            </span>
          </a>
          <button
            aria-controls="navbarNav"
            aria-expanded="false"
            aria-label="Toggle navigation"
            class="navbar-toggler"
            type="button"
          >
            <span
              class="navbar-toggler-icon"
            />
          </button>
          <div
            class="collapse navbar-collapse "
            data-testid="navbar-collapse"
          >
            <ul
              class="navbar-nav"
            >
              <li
                class="nav-item"
              >
                <a
                  activeclassname="active"
                  aria-current="page"
                  class="nav-link active"
                  href="/"
                >
                  Home 
                  <span
                    class="visually-hidden"
                  >
                    (current)
                  </span>
                </a>
              </li>
              <li
                class="nav-item"
              >
                <a
                  activeclassname="active"
                  class="nav-link"
                  href="/about"
                >
                  About
                </a>
              </li>
              <li
                class="nav-item"
              >
                <a
                  activeclassname="active"
                  class="nav-link"
                  href="/service"
                >
                  Services
                </a>
              </li>
              <li
                class="nav-item"
              >
                <a
                  activeclassname="active"
                  class="nav-link"
                  href="/contact"
                >
                  Contact Us
                </a>
              </li>
            </ul>
          </div>
        </nav>
      </div>
    </div>
  </header>
</DocumentFragment>
`;
