// Jest Snapshot v1, https://goo.gl/fbAQLP

exports[`ContactComponent should match snapshot 1`] = `
<DocumentFragment>
  <div
    data-testid="mock-api-provider"
  >
    <section
      class="contact_section layout_padding"
    >
      <div
        class="container"
      >
        <div
          class="heading_container"
        >
          <h2>
            Contact Us
          </h2>
        </div>
        <div
          class="row"
        >
          <div
            class="col-md-6"
          >
            <form
              action=""
            >
              <div>
                <input
                  placeholder="Name"
                  type="text"
                />
              </div>
              <div>
                <input
                  placeholder="Phone Number"
                  type="text"
                />
              </div>
              <div>
                <input
                  placeholder="Email"
                  type="email"
                />
              </div>
              <div>
                <input
                  class="message-box"
                  placeholder="Message"
                  type="text"
                />
              </div>
              <div
                class="d-flex"
              >
                <button>
                  SEND
                </button>
              </div>
            </form>
          </div>
          <div
            class="col-md-6"
          >
            <div
              class="map_container"
            >
              <div
                data-props="{\\"defaultZoom\\":18,\\"defaultCenter\\":{\\"lat\\":40.712775,\\"lng\\":-74.005973},\\"gestureHandling\\":\\"greedy\\",\\"disableDefaultUI\\":true}"
                data-testid="mock-map"
              />
            </div>
          </div>
        </div>
      </div>
    </section>
  </div>
</DocumentFragment>
`;
