// Jest Snapshot v1, https://goo.gl/fbAQLP

exports[`Feature Component should match snapshot 1`] = `
<DocumentFragment>
  <section
    class="feature_section"
  >
    <div
      class="container"
    >
      <div
        class="feature_container"
      >
        <div
          class="box"
        >
          <div
            class="img-box"
            data-testid="tools-icon"
          >
            <svg />
          </div>
          <h5
            class="name"
          >
            Repair
          </h5>
        </div>
        <div
          class="box active"
          data-testid="active"
        >
          <div
            class="img-box"
            data-testid="construction-icon"
          >
            <svg />
          </div>
          <h5
            class="name"
          >
            Improve
          </h5>
        </div>
        <div
          class="box"
        >
          <div
            class="img-box"
            data-testid="maintenance-icon"
          >
            <svg />
          </div>
          <h5
            class="name"
          >
            Maintain
          </h5>
        </div>
      </div>
    </div>
  </section>
</DocumentFragment>
`;
